#[1]   crazy.asm
    2                             .inesprg 1
    3                             .ineschr 0
    4                             .inesmir 0
    5                             .inesmap 0
    6                     
    7           0000      blah    .equ 0
    8           0002      ARG_IMMED       .equ 2
    9                     
   10                     mov16   .macro
   11                             .if \?1 = ARG_IMMED
   12                             lda #high(\1)
   13                             .else
   14                             lda \1
   15                             sta \2
   16                             lda \1+1
   17                             sta \2+1
   18                             .endif
   19                             .endm
   20                     
   21           0000              .bank 0
   22           8000              .org $8000
   23  00:8000            self:
   24                             mov16 #self, blah
                0001              .if 2 = ARG_IMMED
       00:8000  A9 80             lda #high(#self)
                                  .else
                                  .endif
   25                             
